[mdx] Fatal error: File "test-case.md", line 3: invalid code block: `toto` is not a valid label.
