File "test-case.md", lines 2-3: Error in the OCaml file include code block
In file ./parts-begin-end.ml, line 18: Part toto has no end.
