A
A
B
OK
OK
OK
OK
OK
OK
OK
OK
OK
A
OK
OK
OK
OK
OK
OK
OK
OK
OK
OK
OK
OK
OK
OK
OK
