This shell block contains an empty line within a padded block:

```sh
 $ echo ''

```

```sh
  $ echo "Hello..." && echo "" && echo "world!"
  Hello...

  world!
```

This toplevel block contains an empty line within a padded block:

```ocaml
 # print_newline;;
 - : unit -> unit = <fun>
```
