File "test-case.md", lines 3-4: Error in the OCaml file include code block
./not_found.ml: No such file or directory
