[mdx] Fatal error: File "test-case.md", line 3: invalid code block: cannot mix both block labels syntax
