File "test-case.md", lines 3-4: Error in the OCaml file include code block
Cannot find part "part1" in ./part_not_found.ml
