Mdx can include text from any file:


```sh file=script.sh
$ sudo rm -rf /
```
