((4:file11:tikitaka.ml)(4:file7:burn.sh)(3:dir5:ping/))